../Core/Src/main.c:142:6:HAL_UART_TxCpltCallback	16	static
../Core/Src/main.c:149:6:HAL_ADC_ConvCpltCallback	16	static
../Core/Src/main.c:152:6:HAL_UART_RxCpltCallback	16	static
../Core/Src/main.c:155:6:buttonCallback	8	static
../Core/Src/main.c:158:6:ResetVariable	8	static
../Core/Src/main.c:164:6:init_weight	160	static
../Core/Src/main.c:177:7:measure_weight	24	static
../Core/Src/main.c:184:6:doEncoder	32	static
../Core/Src/main.c:204:5:main	96	static
../Core/Src/main.c:338:6:SystemClock_Config	88	static
../Core/Src/main.c:385:13:MX_ADC1_Init	24	static
../Core/Src/main.c:461:13:MX_TIM2_Init	40	static
../Core/Src/main.c:509:13:MX_TIM16_Init	8	static
../Core/Src/main.c:541:13:MX_TIM17_Init	8	static
../Core/Src/main.c:573:13:MX_USART1_UART_Init	8	static
../Core/Src/main.c:621:13:MX_USART2_UART_Init	8	static
../Core/Src/main.c:655:13:MX_DMA_Init	16	static
../Core/Src/main.c:673:13:MX_GPIO_Init	56	static
../Core/Src/main.c:745:6:Error_Handler	8	static,ignoring_inline_asm
